// Jest Snapshot v1, https://goo.gl/fbAQLP

exports[` 1`] = `
Object {
  "type": "GET_INITIAL_CONVERSION",
}
`;

exports[`changeCurrencyAmountSnapshot converts a string value to a float 1`] = `
Object {
  "amount": 100,
  "type": "CHANGE_CURRENCY_AMOUNT",
}
`;

exports[`changeCurrencyAmountSnapshot creates an action with an amount of 100 1`] = `
Object {
  "amount": 100,
  "type": "CHANGE_CURRENCY_AMOUNT",
}
`;
